d:\chili framework 2有问题\chili framework 2\engine\release\graphics.obj
d:\chili framework 2有问题\chili framework 2\engine\release\mouse.obj
d:\chili framework 2有问题\chili framework 2\engine\release\recf.obj
d:\chili framework 2有问题\chili framework 2\engine\release\vec2.obj
d:\chili framework 2有问题\chili framework 2\engine\release\game.obj
d:\chili framework 2有问题\chili framework 2\engine\release\keyboard.obj
d:\chili framework 2有问题\chili framework 2\engine\release\main.obj
d:\chili framework 2有问题\chili framework 2\engine\release\dxerr.obj
d:\chili framework 2有问题\chili framework 2\engine\release\mainwindow.obj
d:\chili framework 2有问题\chili framework 2\engine\release\vc143.pdb
d:\chili framework 2有问题\chili framework 2\engine\framebufferps.shh
d:\chili framework 2有问题\chili framework 2\engine\framebuffervs.shh
d:\chili framework 2有问题\chili framework 2\release\engine.exe
d:\chili framework 2有问题\chili framework 2\release\engine.pdb
d:\chili framework 2有问题\chili framework 2\engine\release\resource.res
d:\chili framework 2有问题\chili framework 2\engine\release\engine.ipdb
d:\chili framework 2有问题\chili framework 2\engine\release\engine.iobj
d:\chili framework 2有问题\chili framework 2\engine\release\engine.tlog\cl.command.1.tlog
d:\chili framework 2有问题\chili framework 2\engine\release\engine.tlog\cl.items.tlog
d:\chili framework 2有问题\chili framework 2\engine\release\engine.tlog\cl.read.1.tlog
d:\chili framework 2有问题\chili framework 2\engine\release\engine.tlog\cl.write.1.tlog
d:\chili framework 2有问题\chili framework 2\engine\release\engine.tlog\fxc.command.1.tlog
d:\chili framework 2有问题\chili framework 2\engine\release\engine.tlog\fxc.read.1.tlog
d:\chili framework 2有问题\chili framework 2\engine\release\engine.tlog\fxc.write.1.tlog
d:\chili framework 2有问题\chili framework 2\engine\release\engine.tlog\link.command.1.tlog
d:\chili framework 2有问题\chili framework 2\engine\release\engine.tlog\link.read.1.tlog
d:\chili framework 2有问题\chili framework 2\engine\release\engine.tlog\link.secondary.1.tlog
d:\chili framework 2有问题\chili framework 2\engine\release\engine.tlog\link.write.1.tlog
d:\chili framework 2有问题\chili framework 2\engine\release\engine.tlog\rc.command.1.tlog
d:\chili framework 2有问题\chili framework 2\engine\release\engine.tlog\rc.read.1.tlog
d:\chili framework 2有问题\chili framework 2\engine\release\engine.tlog\rc.write.1.tlog
